* using log directory 'F:/DiseaseSubTypeDiscovery/PRISM/Jenny/code/LongOmicsTraj/check/LongOmicsTraj.Rcheck'
* using R version 4.6.1 (2026-06-24 ucrt)
* using platform: x86_64-w64-mingw32
* R was compiled by
    gcc.exe (GCC) 14.3.0
    GNU Fortran (GCC) 14.3.0
* running under: Windows 10 x64 (build 19045)
* using session charset: UTF-8
* current time: 2026-08-02 09:57:37 UTC
* using options '--no-manual --as-cran'
* checking for file 'LongOmicsTraj/DESCRIPTION' ... OK
* checking extension type ... Package
* this is package 'LongOmicsTraj' version '0.99.0'
* package encoding: UTF-8
* checking CRAN incoming feasibility ... NOTE
Maintainer: 'Nazanin Zounemat-Kermani <nonakermani@gmail.com>'

New submission
* checking package namespace information ... OK
* checking package dependencies ... OK
* checking if this is a source package ... OK
* checking if there is a namespace ... OK
* checking for executable files ... OK
* checking for hidden files and directories ... OK
* checking for portable file names ... OK
* checking whether package 'LongOmicsTraj' can be installed ... [41s] OK
* checking installed package size ... OK
* checking package directory ... OK
* checking for future file timestamps ... OK
* checking 'build' directory ... OK
* checking DESCRIPTION meta-information ... OK
* checking top-level files ... OK
* checking for left-over files ... OK
* checking index information ... OK
* checking package subdirectories ... OK
* checking code files for non-ASCII characters ... OK
* checking R files for syntax errors ... OK
* checking whether the package can be loaded ... OK
* checking whether the package can be loaded with stated dependencies ... OK
* checking whether the package can be unloaded cleanly ... OK
* checking whether the namespace can be loaded with stated dependencies ... OK
* checking whether the namespace can be unloaded cleanly ... OK
* checking loading without being on the library search path ... OK
* checking use of S3 registration ... OK
* checking dependencies in R code ... OK
* checking S3 generic/method consistency ... OK
* checking replacement functions ... OK
* checking foreign function calls ... OK
* checking R code for possible problems ... [47s] OK
* checking Rd files ... OK
* checking Rd metadata ... OK
* checking Rd line widths ... OK
* checking Rd cross-references ... OK
* checking for missing documentation entries ... OK
* checking for code/documentation mismatches ... OK
* checking Rd \usage sections ... OK
* checking Rd contents ... OK
* checking for unstated dependencies in examples ... OK
* checking contents of 'data' directory ... OK
* checking data for non-ASCII characters ... OK
* checking LazyData ... OK
* checking data for ASCII and uncompressed saves ... OK
* checking installed files from 'inst/doc' ... OK
* checking files in 'vignettes' ... OK
* checking examples ... [27s] OK
* checking for unstated dependencies in 'tests' ... OK
* checking tests ... [21s] OK
  Running 'testthat.R' [21s]
* checking for unstated dependencies in vignettes ... OK
* checking package vignettes ... OK
* checking re-building of vignette outputs ... [32s] OK
* checking for non-standard things in the check directory ... OK
* checking for detritus in the temp directory ... OK
* DONE
Status: 1 NOTE
